OK
#1 object(s) created
OK
#everything cleared
OK
#1 object(s) created
C circle1 0 0 10
