OK
#1 object(s) created
OK
#1 object(s) created
OK
#2 object(s) selected
OK
#2 object(s) deleted
OK
#2 object(s) created
C circle1 0 0 10
C circle2 0 0 5
