OK
#1 object(s) created
OK
#1 object(s) created
OK
#2 object(s) selected
OK
#2 object(s) moved
OK
#2 object(s) moved
OK
#2 object(s) moved
C circle1 10 10 10
C circle2 10 10 5
