OK
#1 object(s) created
OK
#1 object(s) selected
OK
#1 object(s) deleted
