OK
#1 object(s) created
OK
#1 object(s) created
OK
#2 object(s) selected
OK
#2 object(s) deleted
OK
#2 object(s) created
OK
#2 object(s) deleted
#anything created yet
