OK
#1 object(s) created
OK
#everything cleared
#anything created yet
