OK
#1 object(s) created
OK
#1 object(s) moved
OK
#1 object(s) moved
OK
#1 object(s) moved
C circle1 10 10 10
