OK
#1 object(s) created
OK
#1 object(s) created
OK
#1 object(s) created
OK
#3 object(s) selected
