OK
#1 object(s) created
OK
#1 object(s) created
OK
#1 object(s) created
C cercle 0 0 5
C disque 0 0 3
C rond 0 0 10
