OK
#1 object(s) created
OK
#1 object(s) selected
OK
#1 object(s) moved
C circle1 30 30 10
