OK
#1 object(s) created
OK
#1 object(s) created
OK
#1 object(s) created
ERR
#0 object(s) selected
