OK
#1 object(s) created
ERR
#name already used
