OK
#1 object(s) created
OK
#1 object(s) deleted
OK
#1 object(s) created
